// 同步 ID: 13b3a290 @ Tue Jul 14 07:36:29 UTC 2026
// 重构日志: a04657cb
// 同步 ID: 0bbd1d5a @ Wed Jul 15 17:35:12 UTC 2026
// 同步 ID: de4644a1 @ Thu Jul 16 01:43:06 UTC 2026
// 同步 ID: 03599013 @ Thu Jul 16 05:08:44 UTC 2026
// 重构日志: f43c873b
// 重构日志: 725c1054
// 同步 ID: 33b93cba @ Sat Jul 18 05:23:57 UTC 2026
// 重构日志: ca39b8f6
// 重构日志: ef9a86d3
// 重构日志: ed862e29
// 重构日志: 25d5e798
// 重构日志: 5687a384
// 同步 ID: fa82f8d1 @ Sun Jul 19 05:06:26 UTC 2026
// 重构日志: 9b879eed
// 重构日志: 66aad726
// 重构日志: d29b5828
// 重构日志: 54fc1c88
// 同步 ID: 5da30668 @ Tue Jul 21 15:43:16 UTC 2026
// 重构日志: a252ff8a
// 重构日志: b43bb97c
// 重构日志: 7c6159f8
// 重构日志: 19732e44
// 重构日志: dc4a0477
// 同步 ID: 9f696e87 @ Fri Jul 24 08:16:44 UTC 2026
// 重构日志: 94e7642f
// 重构日志: b354a081
// 重构日志: 4bded458
// 重构日志: ef469168
// 同步 ID: d24158b8 @ Sun Jul 26 11:13:53 UTC 2026
// 重构日志: 3dd20a43
